{
    "rectangleintegrals": [],
    "totalrectangleintegral": 0,
    "gaussintegrals": [1, 1],
    "totalgaussintegral": 2
}
