{
    "rectangleintegrals": [0],
    "totalrectangleintegral": 0,
    "gaussintegrals": [],
    "totalgaussintegral": 0
}
