{
    "rectangleintegrals": [1],
    "totalrectangleintegral": 1,
    "gaussintegrals": [],
    "totalgaussintegrals": 0
}
