{
    "rectangleintegrals": [],
    "totalrectangleintegral": 0,
    "gaussintegrals": [0],
    "totalgaussintegral": 0
}
