{
    "rectangleintegrals": [],
    "totalrectangleintegral": 0,
    "gaussintegrals": [1],
    "totalgaussintegral": 1
}
