{
    "rectangleintegrals": [1, 1],
    "totalrectangleintegral": 2,
    "gaussintegrals": [],
    "totalgaussintegrals": 0
}
